python : (trapped) 
error reading 
bcrypt version
En línea: 1 
Carácter: 1
+ python 
test_api.py 2> 
test_error.log
+ ~~~~~~~~~~~~~~~~~~
~~~~~~~~~~~~~~~~~~
    + CategoryInfo  
            : NotS  
  pecified: ((tra   
 pped) error rea    
ding bcrypt ver    
sion:String) []    
, RemoteExcepti    
on
    + FullyQualifie 
   dErrorId : Nati  
  veCommandError
 
Traceback (most 
recent call last):
  File "C:\Users\bry
an\AppData\Local\Pro
grams\Python\Python3
13\Lib\site-packages
\passlib\handlers\bc
rypt.py", line 620, 
in 
_load_backend_mixin
    version = _bcryp
t.__about__.__versio
n__
              
^^^^^^^^^^^^^^^^^
AttributeError: 
module 'bcrypt' has 
no attribute 
'__about__'
