python : Traceback 
(most recent call 
last):
En línea: 1 
Carácter: 1
+ python 
test_api.py > 
test_output.log 2>&1
+ ~~~~~~~~~~~~~~~~~~
~~~~~~~~~~~~~~~~~~~~
~~~
    + CategoryInfo  
            : NotS  
  pecified: (Trac   
 eback (most rec    
ent call last):    
:String) [], Re    
moteException
    + FullyQualifie 
   dErrorId : Nati  
  veCommandError
 
  File "C:\Users\bry
an\AppData\Local\Pro
grams\Python\Python3
13\Lib\site-packages
\sqlalchemy\engine\b
ase.py", line 1815, 
in _execute_context
    context = 
constructor(
        dialect, 
self, conn, 
execution_options, 
*args, **kw
    )
  File "C:\Users\bry
an\AppData\Local\Pro
grams\Python\Python3
13\Lib\site-packages
\sqlalchemy\engine\d
efault.py", line 
1493, in 
_init_compiled
    flattened_proces
sors[key](compiled_p
arams[key])
    ~~~~~~~~~~~~~~~~
~~~~~~~~~^^^^^^^^^^^
^^^^^^^^^^^
  File "C:\Users\bry
an\AppData\Local\Pro
grams\Python\Python3
13\Lib\site-packages
\sqlalchemy\dialects
\sqlite\base.py", 
line 1207, in 
process
    raise TypeError(
    ...<2 lines>...
    )
TypeError: SQLite 
DateTime type only 
accepts Python 
datetime and date 
objects as input.

The above exception 
was the direct 
cause of the 
following exception:

Traceback (most 
recent call last):
  File "C:\Users\bry
an\OneDrive\Document
os\calendario-TDHA\t
est_api.py", line 
123, in <module>
    asyncio.run(test
_flow_completo())
    ~~~~~~~~~~~^^^^^
^^^^^^^^^^^^^^^^^
  File "C:\Users\bry
an\AppData\Local\Pro
grams\Python\Python3
13\Lib\asyncio\runne
rs.py", line 194, 
in run
    return 
runner.run(main)
           
~~~~~~~~~~^^^^^^
  File "C:\Users\bry
an\AppData\Local\Pro
grams\Python\Python3
13\Lib\asyncio\runne
rs.py", line 118, 
in run
    return self._loo
p.run_until_complete
(task)
           ~~~~~~~~~
~~~~~~~~~~~~~~~~~~~~
^^^^^^
  File "C:\Users\bry
an\AppData\Local\Pro
grams\Python\Python3
13\Lib\asyncio\base_
events.py", line 
721, in 
run_until_complete
    return 
future.result()
           
~~~~~~~~~~~~~^^
  File "C:\Users\bry
an\OneDrive\Document
os\calendario-TDHA\t
est_api.py", line 
67, in 
test_flow_completo
    response = 
await client.post("/
tasks/", 
json=task_data, 
headers=headers)
               ^^^^^
^^^^^^^^^^^^^^^^^^^^
^^^^^^^^^^^^^^^^^^^^
^^^^^^^^^^^^^^^^
  File "C:\Users\bry
an\AppData\Local\Pro
grams\Python\Python3
13\Lib\site-packages
\httpx\_client.py", 
line 1859, in post
    return await 
self.request(
           
^^^^^^^^^^^^^^^^^^^
    ...<13 lines>...
    )
    ^
  File "C:\Users\bry
an\AppData\Local\Pro
grams\Python\Python3
13\Lib\site-packages
\httpx\_client.py", 
line 1540, in 
request
    return await 
self.send(request, 
auth=auth, follow_re
directs=follow_redir
ects)
           ^^^^^^^^^
^^^^^^^^^^^^^^^^^^^^
^^^^^^^^^^^^^^^^^^^^
^^^^^^^^^^^^^^^^^^^^
^
  File "C:\Users\bry
an\AppData\Local\Pro
grams\Python\Python3
13\Lib\site-packages
\httpx\_client.py", 
line 1629, in send
    response = 
await self._send_han
dling_auth(
               ^^^^^
^^^^^^^^^^^^^^^^^^^^
^^^^^^
    ...<4 lines>...
    )
    ^
  File "C:\Users\bry
an\AppData\Local\Pro
grams\Python\Python3
13\Lib\site-packages
\httpx\_client.py", 
line 1657, in 
_send_handling_auth
    response = 
await self._send_han
dling_redirects(
               ^^^^^
^^^^^^^^^^^^^^^^^^^^
^^^^^^^^^^^
    ...<3 lines>...
    )
    ^
  File "C:\Users\bry
an\AppData\Local\Pro
grams\Python\Python3
13\Lib\site-packages
\httpx\_client.py", 
line 1694, in _send_
handling_redirects
    response = 
await self._send_sin
gle_request(request)
               ^^^^^
^^^^^^^^^^^^^^^^^^^^
^^^^^^^^^^^^^^^
  File "C:\Users\bry
an\AppData\Local\Pro
grams\Python\Python3
13\Lib\site-packages
\httpx\_client.py", 
line 1730, in 
_send_single_request
    response = 
await transport.hand
le_async_request(req
uest)
               ^^^^^
^^^^^^^^^^^^^^^^^^^^
^^^^^^^^^^^^^^^^^^^^
  File "C:\Users\bry
an\AppData\Local\Pro
grams\Python\Python3
13\Lib\site-packages
\httpx\_transports\a
sgi.py", line 170, 
in 
handle_async_request
    await 
self.app(scope, 
receive, send)
  File "C:\Users\bry
an\AppData\Local\Pro
grams\Python\Python3
13\Lib\site-packages
\fastapi\application
s.py", line 1106, 
in __call__
    await super().__
call__(scope, 
receive, send)
  File "C:\Users\bry
an\AppData\Local\Pro
grams\Python\Python3
13\Lib\site-packages
\starlette\applicati
ons.py", line 122, 
in __call__
    await self.middl
eware_stack(scope, 
receive, send)
  File "C:\Users\bry
an\AppData\Local\Pro
grams\Python\Python3
13\Lib\site-packages
\starlette\middlewar
e\errors.py", line 
184, in __call__
    raise exc
  File "C:\Users\bry
an\AppData\Local\Pro
grams\Python\Python3
13\Lib\site-packages
\starlette\middlewar
e\errors.py", line 
162, in __call__
    await 
self.app(scope, 
receive, _send)
  File "C:\Users\bry
an\AppData\Local\Pro
grams\Python\Python3
13\Lib\site-packages
\starlette\middlewar
e\exceptions.py", 
line 79, in __call__
    raise exc
  File "C:\Users\bry
an\AppData\Local\Pro
grams\Python\Python3
13\Lib\site-packages
\starlette\middlewar
e\exceptions.py", 
line 68, in __call__
    await 
self.app(scope, 
receive, sender)
  File "C:\Users\bry
an\AppData\Local\Pro
grams\Python\Python3
13\Lib\site-packages
\fastapi\middleware\
asyncexitstack.py", 
line 20, in __call__
    raise e
  File "C:\Users\bry
an\AppData\Local\Pro
grams\Python\Python3
13\Lib\site-packages
\fastapi\middleware\
asyncexitstack.py", 
line 17, in __call__
    await 
self.app(scope, 
receive, send)
  File "C:\Users\bry
an\AppData\Local\Pro
grams\Python\Python3
13\Lib\site-packages
\starlette\routing.p
y", line 718, in 
__call__
    await 
route.handle(scope, 
receive, send)
  File "C:\Users\bry
an\AppData\Local\Pro
grams\Python\Python3
13\Lib\site-packages
\starlette\routing.p
y", line 276, in 
handle
    await 
self.app(scope, 
receive, send)
  File "C:\Users\bry
an\AppData\Local\Pro
grams\Python\Python3
13\Lib\site-packages
\starlette\routing.p
y", line 66, in app
    response = 
await func(request)
               
^^^^^^^^^^^^^^^^^^^
  File "C:\Users\bry
an\AppData\Local\Pro
grams\Python\Python3
13\Lib\site-packages
\fastapi\routing.py"
, line 274, in app
    raw_response = 
await run_endpoint_f
unction(
                   ^
^^^^^^^^^^^^^^^^^^^^
^^^^^^^
        dependant=de
pendant, 
values=values, is_co
routine=is_coroutine
        ^^^^^^^^^^^^
^^^^^^^^^^^^^^^^^^^^
^^^^^^^^^^^^^^^^^^^^
^^^^^^^^^
    )
    ^
  File "C:\Users\bry
an\AppData\Local\Pro
grams\Python\Python3
13\Lib\site-packages
\fastapi\routing.py"
, line 193, in run_e
ndpoint_function
    return await run
_in_threadpool(depen
dant.call, **values)
           ^^^^^^^^^
^^^^^^^^^^^^^^^^^^^^
^^^^^^^^^^^^^^^^^^^^
  File "C:\Users\bry
an\AppData\Local\Pro
grams\Python\Python3
13\Lib\site-packages
\starlette\concurren
cy.py", line 41, in 
run_in_threadpool
    return await any
io.to_thread.run_syn
c(func, *args)
           ^^^^^^^^^
^^^^^^^^^^^^^^^^^^^^
^^^^^^^^^^^^^^
  File "C:\Users\bry
an\AppData\Local\Pro
grams\Python\Python3
13\Lib\site-packages
\anyio\to_thread.py"
, line 33, in 
run_sync
    return await get
_asynclib().run_sync
_in_worker_thread(
           ^^^^^^^^^
^^^^^^^^^^^^^^^^^^^^
^^^^^^^^^^^^^^^^^^
        func, 
*args, cancellable=c
ancellable, 
limiter=limiter
        ^^^^^^^^^^^^
^^^^^^^^^^^^^^^^^^^^
^^^^^^^^^^^^^^^^^^^^
^
    )
    ^
  File "C:\Users\bry
an\AppData\Local\Pro
grams\Python\Python3
13\Lib\site-packages
\anyio\_backends\_as
yncio.py", line 
877, in run_sync_in_
worker_thread
    return await 
future
           
^^^^^^^^^^^^
  File "C:\Users\bry
an\AppData\Local\Pro
grams\Python\Python3
13\Lib\site-packages
\anyio\_backends\_as
yncio.py", line 
807, in run
    result = 
context.run(func, 
*args)
  File "C:\Users\bry
an\OneDrive\Document
os\calendario-TDHA\m
ain.py", line 79, 
in create_task
    return crud.crea
te_user_task(db=db, 
task=task, user_id=c
urrent_user.id)
           ~~~~~~~~~
~~~~~~~~~~~~^^^^^^^^
^^^^^^^^^^^^^^^^^^^^
^^^^^^^^^^^^^^^
  File "C:\Users\bry
an\OneDrive\Document
os\calendario-TDHA\c
rud.py", line 53, 
in create_user_task
    db.commit()
    ~~~~~~~~~^^
  File "C:\Users\bry
an\AppData\Local\Pro
grams\Python\Python3
13\Lib\site-packages
\sqlalchemy\orm\sess
ion.py", line 2030, 
in commit
    trans.commit(_to
_root=True)
    ~~~~~~~~~~~~^^^^
^^^^^^^^^^^
  File "<string>", 
line 2, in commit
  File "C:\Users\bry
an\AppData\Local\Pro
grams\Python\Python3
13\Lib\site-packages
\sqlalchemy\orm\stat
e_changes.py", line 
137, in _go
    ret_value = 
fn(self, *arg, **kw)
  File "C:\Users\bry
an\AppData\Local\Pro
grams\Python\Python3
13\Lib\site-packages
\sqlalchemy\orm\sess
ion.py", line 1311, 
in commit
    
self._prepare_impl()
    
~~~~~~~~~~~~~~~~~~^^
  File "<string>", 
line 2, in 
_prepare_impl
  File "C:\Users\bry
an\AppData\Local\Pro
grams\Python\Python3
13\Lib\site-packages
\sqlalchemy\orm\stat
e_changes.py", line 
137, in _go
    ret_value = 
fn(self, *arg, **kw)
  File "C:\Users\bry
an\AppData\Local\Pro
grams\Python\Python3
13\Lib\site-packages
\sqlalchemy\orm\sess
ion.py", line 1286, 
in _prepare_impl
    
self.session.flush()
    
~~~~~~~~~~~~~~~~~~^^
  File "C:\Users\bry
an\AppData\Local\Pro
grams\Python\Python3
13\Lib\site-packages
\sqlalchemy\orm\sess
ion.py", line 4331, 
in flush
    
self._flush(objects)
    
~~~~~~~~~~~^^^^^^^^^
  File "C:\Users\bry
an\AppData\Local\Pro
grams\Python\Python3
13\Lib\site-packages
\sqlalchemy\orm\sess
ion.py", line 4466, 
in _flush
    with 
util.safe_reraise():
         
~~~~~~~~~~~~~~~~~^^
  File "C:\Users\bry
an\AppData\Local\Pro
grams\Python\Python3
13\Lib\site-packages
\sqlalchemy\util\lan
ghelpers.py", line 
224, in __exit__
    raise exc_value.
with_traceback(exc_t
b)
  File "C:\Users\bry
an\AppData\Local\Pro
grams\Python\Python3
13\Lib\site-packages
\sqlalchemy\orm\sess
ion.py", line 4427, 
in _flush
    flush_context.ex
ecute()
    ~~~~~~~~~~~~~~~~
~~~~~^^
  File "C:\Users\bry
an\AppData\Local\Pro
grams\Python\Python3
13\Lib\site-packages
\sqlalchemy\orm\unit
ofwork.py", line 
466, in execute
    
rec.execute(self)
Iniciando pruebas de integraci¾n (ASYNC)...
Usuario ya existe, procediendo a login...
Token obtenido: eyJhbGciOi...
CategorÝa creada: ID 4

[ERROR] ERROR INESPERADO: (builtins.TypeError) SQLite DateTime type only accepts Python datetime and date objects as input.
[SQL: INSERT INTO tasks (title, is_completed, energy_required, deadline, planned_start, planned_end, status, user_id) VALUES (?, ?, ?, ?, ?, ?, ?, ?)]
[parameters: [{'user_id': 1, 'title': 'Async Task', 'energy_required': 'high', 'deadline': '2025-12-31T23:59:59', 'planned_start': None, 'planned_end': None}]]
    
~~~~~~~~~~~^^^^^^
  File "C:\Users\bry
an\AppData\Local\Pro
grams\Python\Python3
13\Lib\site-packages
\sqlalchemy\orm\unit
ofwork.py", line 
642, in execute
    util.preloaded.o
rm_persistence.save_
obj(
    ~~~~~~~~~~~~~~~~
~~~~~~~~~~~~~~~~~~~~
~~~^
        self.mapper,
        ^^^^^^^^^^^^
        uow.states_f
or_mapper_hierarchy(
self.mapper, False, 
False),
        ^^^^^^^^^^^^
^^^^^^^^^^^^^^^^^^^^
^^^^^^^^^^^^^^^^^^^^
^^^^^^^
        uow,
        ^^^^
    )
    ^
  File "C:\Users\bry
an\AppData\Local\Pro
grams\Python\Python3
13\Lib\site-packages
\sqlalchemy\orm\pers
istence.py", line 
93, in save_obj
    _emit_insert_sta
tements(
    ~~~~~~~~~~~~~~~~
~~~~~~~^
        base_mapper,
        ^^^^^^^^^^^^
    ...<3 lines>...
        insert,
        ^^^^^^^
    )
    ^
  File "C:\Users\bry
an\AppData\Local\Pro
grams\Python\Python3
13\Lib\site-packages
\sqlalchemy\orm\pers
istence.py", line 
1233, in _emit_inser
t_statements
    result = 
connection.execute(
        statement,
        params,
        execution_op
tions=execution_opti
ons,
    )
  File "C:\Users\bry
an\AppData\Local\Pro
grams\Python\Python3
13\Lib\site-packages
\sqlalchemy\engine\b
ase.py", line 1419, 
in execute
    return meth(
        self,
        distilled_pa
rameters,
        
execution_options 
or NO_OPTIONS,
    )
  File "C:\Users\bry
an\AppData\Local\Pro
grams\Python\Python3
13\Lib\site-packages
\sqlalchemy\sql\elem
ents.py", line 526, 
in _execute_on_conne
ction
    return connectio
n._execute_clauseele
ment(
           ~~~~~~~~~
~~~~~~~~~~~~~~~~~~~~
~~~~^
        self, 
distilled_params, 
execution_options
        ^^^^^^^^^^^^
^^^^^^^^^^^^^^^^^^^^
^^^^^^^^^
    )
    ^
  File "C:\Users\bry
an\AppData\Local\Pro
grams\Python\Python3
13\Lib\site-packages
\sqlalchemy\engine\b
ase.py", line 1641, 
in _execute_clauseel
ement
    ret = self._exec
ute_context(
        dialect,
    ...<8 lines>...
        
cache_hit=cache_hit,
    )
  File "C:\Users\bry
an\AppData\Local\Pro
grams\Python\Python3
13\Lib\site-packages
\sqlalchemy\engine\b
ase.py", line 1821, 
in _execute_context
    self._handle_dba
pi_exception(
    ~~~~~~~~~~~~~~~~
~~~~~~~~~~~~^
        e, 
str(statement), 
parameters, None, 
None
        ^^^^^^^^^^^^
^^^^^^^^^^^^^^^^^^^^
^^^^^^^^^
    )
    ^
  File "C:\Users\bry
an\AppData\Local\Pro
grams\Python\Python3
13\Lib\site-packages
\sqlalchemy\engine\b
ase.py", line 2355, 
in _handle_dbapi_exc
eption
    raise sqlalchemy
_exception.with_trac
eback(exc_info[2]) 
from e
  File "C:\Users\bry
an\AppData\Local\Pro
grams\Python\Python3
13\Lib\site-packages
\sqlalchemy\engine\b
ase.py", line 1815, 
in _execute_context
    context = 
constructor(
        dialect, 
self, conn, 
execution_options, 
*args, **kw
    )
  File "C:\Users\bry
an\AppData\Local\Pro
grams\Python\Python3
13\Lib\site-packages
\sqlalchemy\engine\d
efault.py", line 
1493, in 
_init_compiled
    flattened_proces
sors[key](compiled_p
arams[key])
    ~~~~~~~~~~~~~~~~
~~~~~~~~~^^^^^^^^^^^
^^^^^^^^^^^
  File "C:\Users\bry
an\AppData\Local\Pro
grams\Python\Python3
13\Lib\site-packages
\sqlalchemy\dialects
\sqlite\base.py", 
line 1207, in 
process
    raise TypeError(
    ...<2 lines>...
    )
sqlalchemy.exc.State
mentError: (builtins
.TypeError) SQLite 
DateTime type only 
accepts Python 
datetime and date 
objects as input.
[SQL: INSERT INTO 
tasks (title, 
is_completed, 
energy_required, 
deadline, 
planned_start, 
planned_end, 
status, user_id) 
VALUES (?, ?, ?, ?, 
?, ?, ?, ?)]
[parameters: 
[{'user_id': 1, 
'title': 'Async 
Task', 
'energy_required': 
'high', 'deadline': 
'2025-12-31T23:59:59
', 'planned_start': 
None, 
'planned_end': 
None}]]
